<?xml version="1.0"?>
<settings>
  <uname/>
  <pwd/>
</settings>
