<?xml version='1.0' encoding='UTF-8'?>
<settings>
  <uname>scott</uname>
  <pwd>tiger</pwd>
</settings>
