<?xml version='1.0' encoding='UTF-8'?>
<settings>
  <uname>fred</uname>
  <pwd>stone</pwd>
  <delegate>
    <profile>barney</profile>
    <pwd>rubble</pwd>
  </delegate>
</settings>
